[www.mordorintelligence.com/industry-reports/india-construction-market.html]
[backblue.gif]
[fade.gif]
[index.html]
[www.mordorintelligence.com/express-stylesheets/bootstrap.min.css]
[www.mordorintelligence.com/express-stylesheets/index.css]
[www.mordorintelligence.com/express-img/rd-background.png]
[www.mordorintelligence.com/express-img/favicon.png]
[bat.bing.com/bat.js]
[cdn.polyfill.io/v3/polyfill.min9df5.js]
[sc.lfeeder.com/lftracker_v1_Xbp1oaEkKAb7EdVj.js]
[cdn.amplitude.com/libs/amplitude-8.1.0-min.gz.js]
[www.mordorintelligence.com/express-img/mordor_logo_updated.png]
[www.mordorintelligence.com/express-img/mordor_mobile-logo.png]
[www.mordorintelligence.com/industry-reports/category/aerospace-defense]
[www.mordorintelligence.com/industry-reports/category/agriculture]
[www.mordorintelligence.com/industry-reports/category/animal-nutrition]
[www.mordorintelligence.com/industry-reports/category/automation]
[www.mordorintelligence.com/industry-reports/category/automotive]
[www.mordorintelligence.com/industry-reports/category/chemicals-materials]
[www.mordorintelligence.com/industry-reports/category/consumer-goods-and-services.html]
[www.mordorintelligence.com/industry-reports/category/Electronics.html]
[www.mordorintelligence.com/industry-reports/category/energy-power]
[www.mordorintelligence.com/industry-reports/category/financial-services-and-investment-intelligence]
[www.mordorintelligence.com/industry-reports/category/food-beverage]
[www.mordorintelligence.com/industry-reports/category/healthcare]
[www.mordorintelligence.com/industry-reports/category/home-property-improvement]
[www.mordorintelligence.com/industry-reports/category/hospitality-and-tourism]
[www.mordorintelligence.com/industry-reports/category/information-communications-technology]
[www.mordorintelligence.com/industry-reports/category/investment-opportunities]
[www.mordorintelligence.com/industry-reports/category/logistics]
[www.mordorintelligence.com/industry-reports/category/manufacturing-processes]
[www.mordorintelligence.com/industry-reports/category/miscellaneous]
[www.mordorintelligence.com/industry-reports/category/packaging]
[www.mordorintelligence.com/industry-reports/category/real-estate]
[www.mordorintelligence.com/industry-reports/category/semiconductors]
[s3.mordorintelligence.com/india-construction-market/1647252972814_india-construction-market_Investments_in_Infrastructure_as_a_share_of_GDP_In_Percentage_India_2011_-_2020.png]
[s3.mordorintelligence.com/india-construction-market/1647252997073_india-construction-market_Residential_Property_Launches_-_by_city_In_Thousands_India_2021.png]
[www.mordorintelligence.com/industry-reports/saudi-arabia-construction-market.html]
[www.mordorintelligence.com/industry-reports/malaysia-construction-market.html]
[www.mordorintelligence.com/industry-reports/indonesia-construction-market.html]
[www.mordorintelligence.com/industry-reports/vietnam-construction-market.html]
[www.mordorintelligence.com/industry-reports/africa-construction-market.html]
[www.mordorintelligence.com/express-img/location-white.png]
[www.mordorintelligence.com/industry-reports/brazil-construction-market-growth-trends-and-forecast-2019-2024.html]
[www.mordorintelligence.com/express-img/phone-white.png]
[www.mordorintelligence.com/express-img/email-white.png]
[www.mordorintelligence.com/cdn-cgi/scripts/5c5dd728/cloudflare-static/email-decode.min.js]
[code.jquery.com/jquery-3.5.1.slim.min.js]
[cdn.jsdelivr.net/npm/bootstrap@4.5.3/dist/js/bootstrap.bundle.min.js]
[www.mordorintelligence.com/express-img/pdf3.png]
[www.mordorintelligence.com/express-img/success_img.png]
[www.mordorintelligence.com/express-js/scroll.js]
[wchat.freshchat.com/js/widget.js]
[www.mordorintelligence.com/express-js/left-nav-scroll.js]
[loader.wisepops.com/get-loader3766.js]
[www.mordorintelligence.com/express-js/hamburger-menu.js]
[www.mordorintelligence.com/industry-reports/Trident/index.html]
[www.mordorintelligence.com/express-js/search-events.js]
[www.mordorintelligence.com/express-js/fixedTocForm.js]
[www.mordorintelligence.com/express-js/cookiePrompt.js]
[www.mordorintelligence.com/express-js/payment-discount.js]
[cdn.jsdelivr.net/npm/ua-parser-js@0/dist/ua-parser.min.js]
[www.mordorintelligence.com/express-js/gtag.js]
[www.mordorintelligence.com/express-js/downloadSample472e.js]
[www.mordorintelligence.com/express-js/customizeForm472e.js]
[www.mordorintelligence.com/express-js/webptopng.js]
[www.mordorintelligence.com/express-js/amplitude-config.js]
[www.mordorintelligence.com/express-js/search_reports.js]
[snap.licdn.com/li.lms-analytics/insight.min.js]
[www.mordorintelligence.com/industry-reports/india-construction-market.html]
[www.mordorintelligence.com/express-stylesheets/bootstrap.min.css]
[www.mordorintelligence.com/cdn-cgi/scripts/7d0fa10a/cloudflare-static/rocket-loader.min.js]
[www.mordorintelligence.com/express-img/footer-background.png]
[www.mordorintelligence.com/express-stylesheets/index.css]
[www.googletagmanager.com/gtm5445.html]
[www.mordorintelligence.com/industry-reports/category/aerospace-defense.html]
[www.mordorintelligence.com/industry-reports/category/agriculture.html]
[www.mordorintelligence.com/industry-reports/category/animal-nutrition.html]
[www.mordorintelligence.com/industry-reports/category/automation.html]
[www.mordorintelligence.com/industry-reports/category/automotive.html]
[www.mordorintelligence.com/industry-reports/category/chemicals-materials.html]
[cdnjs.cloudflare.com/ajax/libs/babel-polyfill/7.7.0/polyfill.min.js]
[www.mordorintelligence.com/static/img/favicon.png]
[www.mordorintelligence.com/static/react-custom-flag-select.css]
[www.googleoptimize.com/optimizeed09.js]
[sdk.customfit.ai/c67d6ef0-2a67-11ec-97c0-fd111ee7a279/cf-js-sdk-min.js]
[www.mordorintelligence.com/_next/static/cMfSST3CeuKOFsrq84EXw/pages/industry-reports.js]
[www.mordorintelligence.com/_next/static/cMfSST3CeuKOFsrq84EXw/pages/_app.js]
[www.mordorintelligence.com/_next/static/chunks/26.3c3d72bbc06a19d7836f.js]
[www.mordorintelligence.com/_next/static/runtime/webpack-03c55d196cbc70aaaa52.js]
[www.mordorintelligence.com/_next/static/chunks/commons.f6098cfb38814fb7f480.js]
[www.mordorintelligence.com/_next/static/runtime/main-e127fd57a691352ed171.js]
[www.mordorintelligence.com/static/img/mordor_logo.png]
[www.mordorintelligence.com/static/img/location-white.png]
[www.mordorintelligence.com/static/img/phone-white.png]
[www.mordorintelligence.com/static/img/email-white.png]
[www.mordorintelligence.com/_next/static/runtime/polyfills-8a2270019535ee730989.js]
[www.mordorintelligence.com/industry-reports/category/consumer-goods-and-services.html]
[www.mordorintelligence.com/industry-reports/category/Electronics.html]
[www.mordorintelligence.com/industry-reports/category/energy-power.html]
[www.mordorintelligence.com/industry-reports/category/financial-services-and-investment-intelligence.html]
[www.mordorintelligence.com/industry-reports/category/food-beverage.html]
[www.mordorintelligence.com/industry-reports/category/healthcare.html]
[www.mordorintelligence.com/industry-reports/category/home-property-improvement.html]
[www.mordorintelligence.com/industry-reports/category/hospitality-and-tourism.html]
[www.mordorintelligence.com/industry-reports/category/information-communications-technology.html]
[www.mordorintelligence.com/industry-reports/category/investment-opportunities.html]
[www.mordorintelligence.com/industry-reports/category/logistics.html]
[www.mordorintelligence.com/industry-reports/category/manufacturing-processes.html]
[www.mordorintelligence.com/industry-reports/category/miscellaneous.html]
[www.mordorintelligence.com/industry-reports/category/packaging.html]
[www.mordorintelligence.com/industry-reports/category/real-estate.html]
[www.mordorintelligence.com/industry-reports/category/semiconductors.html]
[s3.mordorintelligence.com/saudi-arabia-construction-market/1646947944720_saudi-arabia-construction-market_Distribution_of_housing_stock_in_residential_market_Saudi_Arabia_Q3_2021_by_city_In_1000_units.png]
[s3.mordorintelligence.com/saudi-arabia-construction-market/1646947848481_saudi-arabia-construction-market_Value_of_construction_contracts_awarded_in_Saudi_Arabia_from_2020_to_2021_by_sector_in_billion_USD.55.delay]
[mordorintelligence.com/images_db/RD_Images/1554357321269_Competition NN.png]
[www.mordorintelligence.com/industry-reports/analysis-of-the-construction-industry-in-gcc-countries-industry.html]
[www.mordorintelligence.com/industry-reports/commercial-real-estate-market-in-saudi-arabia.html]
[www.mordorintelligence.com/industry-reports/saudi-arabia-construction-market.html]
[www.mordorintelligence.com/industry-reports/uae-construction-market.html]
[s3.mordorintelligence.com/malaysia-construction-market/1649062942784_malaysia-construction-market_Value_of_civil_engineering_work_in_Malaysia_from_2015_to_2021_in_billion_MYR.png]
[s3.mordorintelligence.com/malaysia-construction-market/1649062955125_malaysia-construction-market_Value_of_Public_Residential_Building_Construction_in_Malaysia_2015_-_2021_in_Million_MYR.png]
[www.mordorintelligence.com/industry-reports/malaysia-prefabricated-buildings-industry-study-market.html]
[www.mordorintelligence.com/industry-reports/commercial-real-estate-market-in-malaysia.html]
[www.mordorintelligence.com/industry-reports/malaysia-construction-market.html]
[www.mordorintelligence.com/industry-reports/infrastructure-sector-in-malaysia.html]
[s3.mordorintelligence.com/indonesia-construction-market/1647844713779_indonesia-construction-market_Infrastructure_Projects_Divided_Across_Islands_of_Indonesia_In_Percentage_2021.png]
[s3.mordorintelligence.com/indonesia-construction-market/1647287192071_indonesia-construction-market_Share_Of_Construction_Roles_By_Company_Nationality_Indonesia_2021_In_Percentage.png]
[mordorintelligence.com/images_db/RD_Images/1560254798300_Comp Landscape Indonesia.png]
[www.mordorintelligence.com/industry-reports/indonesia-construction-market.html]
[s3.mordorintelligence.com/vietnam-construction-market/1646404355140_vietnam-construction-market_State_Investment_in_Infrastructure_USD_Billion_Vietnam_2016-2020.png]
[s3.mordorintelligence.com/vietnam-construction-market/1646404441198_vietnam-construction-market_Number_of__Residential_Units_Supply_by_City_In_Units_Vietnam_Q2_-2021.png]
[www.mordorintelligence.com/industry-reports/vietnam-construction-market.html]
[s3.mordorintelligence.com/africa-construction-market/1648991360057_africa-construction-market_Annual_flow_of_Foreign_Direct_Investments_from_China_to_Africa_In_USD_Million_Africa_2010_-_2020.png]
[s3.mordorintelligence.com/africa-construction-market/1648991434604_africa-construction-market_Africa_infrastructure_development_index_2020_selected_countries.png]
[mordorintelligence.com/images_db/RD_Images/1560418484466_Africa Cons Comp Landscape.png]
[www.mordorintelligence.com/industry-reports/residential-real-estate-market.html]
[www.mordorintelligence.com/industry-reports/hospitality-real-estate-sector.html]
[www.mordorintelligence.com/industry-reports/africa-construction-market.html]
[www.mordorintelligence.com/industry-reports/brazil-construction-market-growth-trends-and-forecast-2019-2024.html]
[www.mordorintelligence.com/industry-reports/Trident/index.html]
[snap.licdn.com/li.lms-analytics/insight.min.js]
[www.mordorintelligence.com/static/react-custom-flag-select.css]
[www.mordorintelligence.com/_next/static/runtime/polyfills-8a2270019535ee730989.html]
[www.mordorintelligence.com/industry-reports/commercial-real-estate-market.html]
[s3.mordorintelligence.com/analysis-of-the-construction-industry-in-gcc-co/1646734802820_analysis-of-the-construction-industry-in-gcc-countries-industry_Value_of_Contracts_in_bid_by_country_in_Q3_2021_In_USD_Millio]
[www.mordorintelligence.com/industry-reports/oman-construction-market.html]
[s3.mordorintelligence.com/analysis-of-the-construction-industry-in-gcc-co/1646734815340_analysis-of-the-construction-industry-in-gcc-countries-industry_GCC_Project_Awards_Country_wise_from_2016_to_H1_2021_In_USD_B]
[www.mordorintelligence.com/industry-reports/qatar-construction-market.html]
[www.mordorintelligence.com/industry-reports/analysis-of-the-construction-industry-in-gcc-countries-industry.html]
[www.mordorintelligence.com/industry-reports/kuwait-construction-market.html]
[s3.mordorintelligence.com/commercial-real-estate-market-in-saudi-arabia/1647183936326_commercial-real-estate-market-in-saudi-arabia_Distribution_of_Retail_Stock_within_the_Retail_Market_in_Saudi_Arabia_in_Q2_2021_]
[www.mordorintelligence.com/industry-reports/commercial-real-estate-market-in-qatar.html]
[s3.mordorintelligence.com/commercial-real-estate-market-in-saudi-arabia/1647184033720_commercial-real-estate-market-in-saudi-arabia_Distribution_of_Office_Stock_Within_the_Office_Market_in_Saudi_Arabia_in_Q2_2021_]
[www.mordorintelligence.com/industry-reports/commercial-real-estate-market-in-australia.html]
[www.mordorintelligence.com/industry-reports/commercial-real-estate-market-in-india.html]
[www.mordorintelligence.com/industry-reports/commercial-real-estate-market-in-iraq.html]
[www.mordorintelligence.com/industry-reports/commercial-real-estate-market-in-usa.html]
[www.mordorintelligence.com/industry-reports/commercial-real-estate-market-in-saudi-arabia.html]
[www.mordorintelligence.com/industry-reports/commercial-real-estate-market-in-iran.html]
[s3.mordorintelligence.com/uae-construction-market/1646741255602_uae-construction-market_Value_of_construction_contracts_awarded_in_the_United_Arab_Emirates_in_2021_by_sector_USD_Billions.png]
[s3.mordorintelligence.com/uae-construction-market/1646743419039_uae-construction-market_Value_of_construction_contract_awards_in_the_United_Arab_Emiratesin_USD_billion.png]
[mordorintelligence.com/images_db/RD_Images/1553874053192_Comp Now.png]
[www.mordorintelligence.com/industry-reports/construction-sector-in-qatar-industry.html]
[www.mordorintelligence.com/industry-reports/construction-sector-in-bahrain-industry.html]
[www.mordorintelligence.com/industry-reports/construction-sector-in-kuwait-industry.html]
[www.mordorintelligence.com/industry-reports/construction-sector-in-the-kingdom-of-saudi-arabia-industry.html]
[www.mordorintelligence.com/industry-reports/uae-construction-market.html]
[www.mordorintelligence.com/industry-reports/construction-sector-in-oman-industry.html]
[www.mordorintelligence.com/static/media/noImageAvailable330.df4955a5.png]
[www.mordorintelligence.com/express-img/client/Coca-Cola.png]
[www.mordorintelligence.com/express-img/client/Nestle.png]
[www.mordorintelligence.com/express-img/client/Philips.png]
[www.mordorintelligence.com/express-img/client/Hitachi.png]
[www.mordorintelligence.com/express-img/client/Bosch.png]
[www.mordorintelligence.com/industry-reports/malaysia-prefabricated-buildings-industry-study-market.html]
[s3.mordorintelligence.com/commercial-real-estate-market-in-malaysia/1646732671535_commercial-real-estate-market-in-malaysia_Value_of_Construction_Work_Done_From_2016_to_2021_Malaysia_In_USD_billions_.png]
[s3.mordorintelligence.com/commercial-real-estate-market-in-malaysia/1646746802985_commercial-real-estate-market-in-malaysia_Value_of_Work_done_by_Private_and_Public_Sector_Companies_From_Q1_2020_to_Q4_2021_In_USD_]
[www.mordorintelligence.com/industry-reports/commercial-real-estate-market-in-europe.html]
[www.mordorintelligence.com/industry-reports/commercial-real-estate-market-in-malaysia.html]
[www.mordorintelligence.com/industry-reports/infrastructure-sector-in-malaysia.html]
[www.mordorintelligence.com/industry-reports/commercial-real-estate-market-in-germany.html]
[s3.mordorintelligence.com/residential-real-estate-market/1646898330907_residential-real-estate-market_Urbanisation_across_Continents__in_2021_In_Percentages.png]
[s3.mordorintelligence.com/residential-real-estate-market/1646040490712_residential-real-estate-market_New_Housing__Construction_across_USA_in_Thousands_in_2021-_Monthly.png]
[www.mordorintelligence.com/industry-reports/residential-real-estate-market-in-uae.html]
[www.mordorintelligence.com/industry-reports/residential-real-estate-market-in-oman.html]
[www.mordorintelligence.com/industry-reports/residential-real-estate-market-in-italy.html]
[www.mordorintelligence.com/industry-reports/residential-real-estate-market-in-iraq.html]
[www.mordorintelligence.com/industry-reports/residential-real-estate-market-in-iran.html]
[www.mordorintelligence.com/industry-reports/residential-real-estate-market.html]
[www.mordorintelligence.com/industry-reports/residential-real-estate-market-in-usa.html]
[s3.mordorintelligence.com/hospitality-real-estate-sector/1646405333155_hospitality-real-estate-sector_Global_Hotel_Investment_Volume_in_USD_Billion_2017_-_2021H1.png]
[s3.mordorintelligence.com/hospitality-real-estate-sector/1646404590580_hospitality-real-estate-sector_The_United_States_Hotel_Room_Occupancy_in_Share__2018-2021..png]
[www.mordorintelligence.com/industry-reports/hospitality-real-estate-sector-in-israel.html]
[www.mordorintelligence.com/industry-reports/hospitality-real-estate-sector-in-china.html]
[www.mordorintelligence.com/industry-reports/hospitality-real-estate-sector-in-myanmar.html]
[www.mordorintelligence.com/industry-reports/hospitality-real-estate-sector-in-europe.html]
[www.mordorintelligence.com/industry-reports/hospitality-real-estate-sector.html]
[www.mordorintelligence.com/industry-reports/hospitality-real-estate-sector-in-india.html]
[s3.mordorintelligence.com/commercial-real-estate-market/1646717411019_commercial-real-estate-market_Global_Office_Real_Estate_Rental_Growth_Share_Q2_2020-_Q2_2021.png]
[s3.mordorintelligence.com/commercial-real-estate-market/1646719156667_commercial-real-estate-market_Asia-Pacific_Retail_Sales_in_Selected_Regions_Share_2021.png]
[www.mordorintelligence.com/industry-reports/commercial-real-estate-market.html]
[www.mordorintelligence.com/industry-reports/commercial-real-estate-market-in-france.html]
[s3.mordorintelligence.com/oman-construction-market/1646750802679_oman-construction-market_Estimated_Investments_Across_Sectors__By_2021.png]
[s3.mordorintelligence.com/oman-construction-market/1646750758441_oman-construction-market_Investments_Expected_Through_Vision_2040_Plan_in_Tourism__By_Sector_.png]
[mordorintelligence.com/images_db/RD_Images/1554217084817_Competition NNow.png]
[www.mordorintelligence.com/industry-reports/oman-construction-market.html]
[s3.mordorintelligence.com/qatar-construction-market/1664452687986_qatar-construction-market_Growth_of_construction_contribution_to_GDP_Qatar_2012-2022_In_percentage.png]
[s3.mordorintelligence.com/qatar-construction-market/1664452729717_qatar-construction-market_Number_of_new_building_permits_issued_by_region_October_2021_In_percentage.png]
[mordorintelligence.com/images_db/RD_Images/1554193134894_Competition Qatar.png]
[www.mordorintelligence.com/industry-reports/qatar-construction-market.html]
[s3.mordorintelligence.com/kuwait-construction-market/1646887084633_kuwait-construction-market_Key_Housing_Construction_Projects_in_Kuwait_2021_Value_in_USD_Billion.png]
[s3.mordorintelligence.com/kuwait-construction-market/1646734786867_kuwait-construction-market_Key_Infrastructure_Projects_in_Kuwait_2020-2025_In_USD_Billion.png]
[mordorintelligence.com/images_db/RD_Images/1554209255099_Competition.png]
[www.mordorintelligence.com/industry-reports/kuwait-construction-market.html]
[www.mordorintelligence.com/industry-reports/construction-sector-in-united-arab-emirates-industry.html]
[s3.mordorintelligence.com/commercial-real-estate-market-in-qatar/1646036223755_commercial-real-estate-market-in-qatar_Qatar_Office_Supply_in_million_sq_m_GLA_2016-2021_.png]
[s3.mordorintelligence.com/commercial-real-estate-market-in-qatar/1646036231754_commercial-real-estate-market-in-qatar_Source_of_Qatar_Visitors_by_Region_February_2021.png]
[www.mordorintelligence.com/industry-reports/commercial-real-estate-market-in-oman.html]
[www.mordorintelligence.com/industry-reports/commercial-real-estate-market-in-uae.html]
[www.mordorintelligence.com/industry-reports/commercial-real-estate-market-in-qatar.html]
[www.mordorintelligence.com/industry-reports/commercial-real-estate-market-in-italy.html]
[s3.mordorintelligence.com/commercial-real-estate-market-in-australia/1646421669083_commercial-real-estate-market-in-australia_Interest_Rates_in_Australia_Jan_2018-_Jan_2022_In_.png]
[www.mordorintelligence.com/industry-reports/commercial-real-estate-market-in-australia.html]
[www.mordorintelligence.com/industry-reports/commercial-real-estate-market-in-russia.html]
[s3.mordorintelligence.com/commercial-real-estate-market-in-australia/1646422380927_commercial-real-estate-market-in-australia_Major_investment_deals_in_commercial_property_in_Australia_Q1_2021_In_Million_AUD.ac.de]
[s3.mordorintelligence.com/commercial-real-estate-market-in-india/1646747982595_commercial-real-estate-market-in-india_New_office_space_supply_in_key_cities_in_India_in_million_sq._ft..png]
[s3.mordorintelligence.com/commercial-real-estate-market-in-india/1646748014911_commercial-real-estate-market-in-india_City-wise_Retail_Space_Demand_Million_sq._ft._H1_2021.png]
[www.mordorintelligence.com/industry-reports/commercial-real-estate-market-in-indonesia.html]
